// Jest Snapshot v1, https://jestjs.io/docs/snapshot-testing

exports[`<Nav/> Renders nav correctly and matches snapshot 1`] = `
<div>
  <nav
    class="NavStyles-sc-wvsbq2-0 jaKUws"
  >
    <a
      href="/"
    >
      Home
    </a>
    <a
      href="/story"
    >
      Our Story
    </a>
    <a
      href="/party"
    >
      Wedding Party
    </a>
    <a
      href="/photos"
    >
      Photos
    </a>
    <a
      href="/travelstay"
    >
      Travel & Stay
    </a>
    <a
      href="/qanda"
    >
      Q & A
    </a>
    <a
      href="/rsvp"
    >
      RSVP
    </a>
  </nav>
</div>
`;
